Windows fatal exception: code 0xc0000374

Current thread 0x0000ab8c (most recent call first):
  Garbage-collecting
  File "D:\Program Files (x86)\JetBrains\PyStation\ADBLab\.tmp\performance-responsive-20260906\native_heap_stack_probe.py", line 190 in pytest_runtest_teardown
  File "D:\Program Files (x86)\JetBrains\PyStation\ADBLab\.venv\Lib\site-packages\pluggy\_callers.py", line 43 in run_old_style_hookwrapper
  File "D:\Program Files (x86)\JetBrains\PyStation\ADBLab\.venv\Lib\site-packages\pluggy\_callers.py", line 152 in _multicall
  File "D:\Program Files (x86)\JetBrains\PyStation\ADBLab\.venv\Lib\site-packages\pluggy\_manager.py", line 120 in _hookexec
  File "D:\Program Files (x86)\JetBrains\PyStation\ADBLab\.venv\Lib\site-packages\pluggy\_hooks.py", line 512 in __call__
  File "D:\Program Files (x86)\JetBrains\PyStation\ADBLab\.venv\Lib\site-packages\_pytest\runner.py", line 250 in <lambda>
  File "D:\Program Files (x86)\JetBrains\PyStation\ADBLab\.venv\Lib\site-packages\_pytest\runner.py", line 361 in from_call
  File "D:\Program Files (x86)\JetBrains\PyStation\ADBLab\.venv\Lib\site-packages\_pytest\runner.py", line 249 in call_and_report
  File "D:\Program Files (x86)\JetBrains\PyStation\ADBLab\.venv\Lib\site-packages\_pytest\runner.py", line 144 in runtestprotocol
  File "D:\Program Files (x86)\JetBrains\PyStation\ADBLab\.venv\Lib\site-packages\_pytest\runner.py", line 118 in pytest_runtest_protocol
  File "D:\Program Files (x86)\JetBrains\PyStation\ADBLab\.venv\Lib\site-packages\pluggy\_callers.py", line 121 in _multicall
  File "D:\Program Files (x86)\JetBrains\PyStation\ADBLab\.venv\Lib\site-packages\pluggy\_manager.py", line 120 in _hookexec
  File "D:\Program Files (x86)\JetBrains\PyStation\ADBLab\.venv\Lib\site-packages\pluggy\_hooks.py", line 512 in __call__
  File "D:\Program Files (x86)\JetBrains\PyStation\ADBLab\.venv\Lib\site-packages\_pytest\main.py", line 408 in pytest_runtestloop
  File "D:\Program Files (x86)\JetBrains\PyStation\ADBLab\.venv\Lib\site-packages\pluggy\_callers.py", line 121 in _multicall
  File "D:\Program Files (x86)\JetBrains\PyStation\ADBLab\.venv\Lib\site-packages\pluggy\_manager.py", line 120 in _hookexec
  File "D:\Program Files (x86)\JetBrains\PyStation\ADBLab\.venv\Lib\site-packages\pluggy\_hooks.py", line 512 in __call__
  File "D:\Program Files (x86)\JetBrains\PyStation\ADBLab\.venv\Lib\site-packages\_pytest\main.py", line 384 in _main
  File "D:\Program Files (x86)\JetBrains\PyStation\ADBLab\.venv\Lib\site-packages\_pytest\main.py", line 330 in wrap_session
  File "D:\Program Files (x86)\JetBrains\PyStation\ADBLab\.venv\Lib\site-packages\_pytest\main.py", line 377 in pytest_cmdline_main
  File "D:\Program Files (x86)\JetBrains\PyStation\ADBLab\.venv\Lib\site-packages\pluggy\_callers.py", line 121 in _multicall
  File "D:\Program Files (x86)\JetBrains\PyStation\ADBLab\.venv\Lib\site-packages\pluggy\_manager.py", line 120 in _hookexec
  File "D:\Program Files (x86)\JetBrains\PyStation\ADBLab\.venv\Lib\site-packages\pluggy\_hooks.py", line 512 in __call__
  File "D:\Program Files (x86)\JetBrains\PyStation\ADBLab\.venv\Lib\site-packages\_pytest\config\__init__.py", line 229 in _main
  File "D:\Program Files (x86)\JetBrains\PyStation\ADBLab\.venv\Lib\site-packages\_pytest\config\__init__.py", line 201 in main
  File "D:\Program Files (x86)\JetBrains\PyStation\ADBLab\.tmp\performance-responsive-20260906\native_heap_stack_probe.py", line 198 in <module>
..
