F                                                                        [100%]
================================== FAILURES ===================================
____ test_borrowed_screen_tools_keep_fit_current_and_preserve_manual_zoom _____

qt_application = <PySide6.QtWidgets.QApplication(0x1e1d7d38e00) at 0x000001E1DA2DA000>
tmp_path = WindowsPath('C:/Users/Administrator/AppData/Local/Temp/pytest-of-Administrator/pytest-473/test_borrowed_screen_tools_kee0')

    def test_borrowed_screen_tools_keep_fit_current_and_preserve_manual_zoom(
        qt_application, tmp_path,
    ):
        """工具高度变化只重算适应窗口模式；手动缩放和归还控件不受影响。"""
        parking = QWidget()
        tools = QWidget(parking)
        tools.setFixedHeight(100)
        image_path = tmp_path / "portrait.png"
        portrait = QPixmap(540, 960)
        portrait.fill(Qt.GlobalColor.blue)
        assert portrait.save(str(image_path))
        page = ScreenshotPage([str(image_path)])
        page.prepare_for_workspace()
        page.set_device_tools(tools, parking)
        page.activate()
        page.resize(800, 700)
        page.show()
    
        def image_fits_current_viewport():
            image_height = 960 * page._zoom_factor
            view_height = page._view.viewport().height()
            return view_height - 18 <= image_height <= view_height
    
        try:
            wait_for_stable_geometry(qt_application, (page, tools, page._view))
            page._reset_zoom()
            QTest.qWait(30)
            assert image_fits_current_viewport()
            original_page_size = page.size()
            original_view_height = page._view.height()
            tools.setFixedHeight(220)
            QTest.qWait(30)
            assert page._view.height() < original_view_height
>           wait_until(qt_application, image_fits_current_viewport)

tests\test_screenshot_page.py:57: 
_ _ _ _ _ _ _ _ _ _ _ _ _ _ _ _ _ _ _ _ _ _ _ _ _ _ _ _ _ _ _ _ _ _ _ _ _ _ _ _

predicate = <function test_borrowed_screen_tools_keep_fit_current_and_preserve_manual_zoom.<locals>.image_fits_current_viewport at 0x000001E1D92AF4C0>
timeout_ms = 6000

    def wait_until(app: QApplication, predicate: Callable[[], bool], *, timeout_ms: int = 6000) -> None:
        """在明确 deadline 内让 Qt 事件循环推进至条件成立。
    
        全量套件运行到末尾时进程内 Qt 对象与延迟删除事件大量累积，单次 processEvents
        调度变慢，1500ms 会出现确定性超时（与具体前置文件无关、单独跑该文件不复现），
        因此把默认 deadline 放宽到 6000ms 以保证顺序无关的稳定性。
        """
    
        del app
        deadline = QDeadlineTimer(timeout_ms)
        while not predicate():
            if deadline.hasExpired():
>               raise AssertionError("condition did not become true before deadline")
E               AssertionError: condition did not become true before deadline

tests\ui_geometry_helpers.py:44: AssertionError
=========================== short test summary info ===========================
FAILED tests/test_screenshot_page.py::test_borrowed_screen_tools_keep_fit_current_and_preserve_manual_zoom
1 failed in 6.56s
